<html>
<body>
<pre>
<h1>µVision Build Log</h1>
<h2>Tool Versions:</h2>
IDE-Version: ¦ÌVision V5.38.0.0
Copyright (C) 2022 ARM Ltd and ARM Germany GmbH. All rights reserved.
License Information: zheng bin, None, LIC=BUURY-I3H3I-74XS0-BGPSQ-CGL9I-L875A
 
Tool Versions:
Toolchain:       MDK-ARM Plus  Version: 5.38.0.0
Toolchain Path:  D:\pandownload1\COMPUTER\Keil\ARM\ARMCC\Bin
C Compiler:      Armcc.exe V5.06 update 7 (build 960)
Assembler:       Armasm.exe V5.06 update 7 (build 960)
Linker/Locator:  ArmLink.exe V5.06 update 7 (build 960)
Library Manager: ArmAr.exe V5.06 update 7 (build 960)
Hex Converter:   FromElf.exe V5.06 update 7 (build 960)
CPU DLL:         SARMCM3.DLL V5.38.0.0
Dialog DLL:      DCM.DLL V1.17.5.0
Target DLL:      STLink\ST-LINKIII-KEIL_SWO.dll V3.1.0.0
Dialog DLL:      TCM.DLL V1.56.4.0
 
<h2>Project:</h2>
D:\pandownload1\Desktop\CodingFolder\cubeMX\xgk\MDK-ARM\xgk.uvprojx
Project File Date:  07/31/2024

<h2>Output:</h2>
*** Using Compiler 'V5.06 update 7 (build 960)', folder: 'D:\pandownload1\COMPUTER\Keil\ARM\ARMCC\Bin'
Build target 'xgk'
compiling main.c...
../Core/Src/main.c(170): warning:  #1295-D: Deprecated declaration PCA9685_Init - give arg types
  void PCA9685_Init();
../Core/Src/main.c(310): warning:  #1295-D: Deprecated declaration SG90_Init - give arg types
  void SG90_Init();
../Core/Src/main.c(408): warning:  #177-D: variable "i"  was declared but never referenced
  	int i = 0;
../Core/Src/main.c: 3 warnings, 0 errors
linking...
Program Size: Code=13558 RO-data=470 RW-data=16 ZI-data=2440  
FromELF: creating hex file...
"xgk\xgk.axf" - 0 Error(s), 3 Warning(s).

<h2>Software Packages used:</h2>

Package Vendor: ARM
                http://www.keil.com/pack/ARM.CMSIS.5.9.0.pack
                ARM.CMSIS.5.9.0
                CMSIS (Common Microcontroller Software Interface Standard)
   * Component: CORE Version: 5.6.0

Package Vendor: Keil
                https://www.keil.com/pack/Keil.STM32F4xx_DFP.2.17.1.pack
                Keil.STM32F4xx_DFP.2.17.1
                STMicroelectronics STM32F4 Series Device Support, Drivers and Examples

<h2>Collection of Component include folders:</h2>
  ./RTE/_xgk
  D:/pandownload1/COMPUTER/KeilMdkPacks/ARM/CMSIS/5.9.0/CMSIS/Core/Include
  D:/pandownload1/COMPUTER/KeilMdkPacks/Keil/STM32F4xx_DFP/2.17.1/Drivers/CMSIS/Device/ST/STM32F4xx/Include

<h2>Collection of Component Files used:</h2>

   * Component: ARM::CMSIS:CORE:5.6.0
      Include file:  CMSIS/Core/Include/tz_context.h
Build Time Elapsed:  00:00:02
</pre>
</body>
</html>
